Microchip MPLAB XC8 Compiler V2.10 ()

Linker command line:

-W-3 --edf=T:\Programy\MPLAB\XC  Compiler\pic\dat\en_msgs.txt -cs \
  -h+dist/default/production\PROJEKT.X.production.sym \
  --cmf=dist/default/production\PROJEKT.X.production.cmf -z -Q18F46K22 \
  -oC:\Users\BakuTer\AppData\Local\Temp\s3gs.2 --defsym=__MPLAB_BUILD=1 \
  -Mdist/default/production/PROJEKT.X.production.map -E1 -ver=XC8 \
  --acfsm=1493 -ASTACK=01BAh-0F37h -pstack=STACK -ACODE=00h-0FFFFh \
  -ACONST=00h-0FFFFh -ASMALLCONST=01000h-010FFhx240 \
  -AMEDIUMCONST=01000h-0FFFFh -ACOMRAM=01h-05Fh -AABS1=00h-0F37h \
  -ABIGRAM=01h-0F37h -ARAM=060h-0FFh,0100h-01FFhx14,0F00h-0F37h \
  -ABANK0=060h-0FFh -ABANK1=0100h-01FFh -ABANK2=0200h-02FFh \
  -ABANK3=0300h-03FFh -ABANK4=0400h-04FFh -ABANK5=0500h-05FFh \
  -ABANK6=0600h-06FFh -ABANK7=0700h-07FFh -ABANK8=0800h-08FFh \
  -ABANK9=0900h-09FFh -ABANK10=0A00h-0AFFh -ABANK11=0B00h-0BFFh \
  -ABANK12=0C00h-0CFFh -ABANK13=0D00h-0DFFh -ABANK14=0E00h-0EFFh \
  -ABANK15=0F00h-0F37h -ASFR=0F38h-0F5Fh,0F60h-0FFFh \
  -preset_vec=00h,intcode=08h,intcodelo,powerup,init -pramtop=01000h \
  -psmallconst=SMALLCONST -pmediumconst=MEDIUMCONST -pconst=CONST \
  -AFARRAM=00h-00h -ACONFIG=0300000h-030000Dh -pconfig=CONFIG \
  -AIDLOC=0200000h-0200007h -pidloc=IDLOC -AEEDATA=0F00000h-0F003FFh \
  -peeprom_data=EEDATA \
  -prdata=COMRAM,nvrram=COMRAM,nvbit=COMRAM,rbss=COMRAM,rbit=COMRAM \
  -pfarbss=FARRAM,fardata=FARRAM,nvFARRAM=FARRAM \
  -pintsave_regs=BIGRAM,bigbss=BIGRAM,bigdata=BIGRAM -pbss=RAM \
  -pidata=CODE,irdata=CODE,ibigdata=CODE,ifardata=CODE -prparam=COMRAM \
  C:\Users\BakuTer\AppData\Local\Temp\s3gs.o \
  dist/default/production\PROJEKT.X.production.o 

Object code version is 3.11

Machine type is 18F46K22

Call graph: (short form)




                Name                               Link     Load   Length Selector   Space Scale
C:\Users\BakuTer\AppData\Local\Temp\s3gs.o
                init                                 8A       8A        4        4       0
                reset_vec                             0        0        4        0       0
                idloc                            200000   200000        8   200000       0
                config                           300000   300000        E   300000       0
dist/default/production\PROJEKT.X.production.o
                intcode                               8        8       82        4       0
                temp                                 5A       5A        1        1       1
                mediumconst                        FB12     FB12      4EE     7D89       0
                text30                             31A6     31A6       2E        4       0
                text29                             31FC     31FC       26        4       0
                text28                             3142     3142       36        4       0
                text27                             2E7A     2E7A       92        4       0
                text26                             3240     3240       16        4       0
                text25                             2CEE     2CEE       CA        4       0
                text24                             3088     3088       44        4       0
                text23                             310C     310C       36        4       0
                text22                             2DB8     2DB8       C2        4       0
                text21                             2FDC     2FDC       5A        4       0
                text20                             26EA     26EA      188        4       0
                text19                             29E2     29E2      164        4       0
                text18                             30CC     30CC       40        4       0
                text17                             1D3A     1D3A      2E0        4       0
                text16                             22CE     22CE      226        4       0
                text15                             2F7A     2F7A       62        4       0
                text14                             3036     3036       52        4       0
                text13                             13AA     13AA      584        4       0
                text12                             3222     3222       1E        4       0
                text11                             31D4     31D4       28        4       0
                text10                              DDE      DDE      5CC        4       0
                text9                              2F0C     2F0C       6E        4       0
                text8                              2C20     2C20       CE        4       0
                text7                              326A     326A        A        4       0
                text6                                8E       8E      D50        4       0
                text5                              2B46     2B46       DA        4       0
                text4                              3256     3256       14        4       0
                text3                              201A     201A      2B4        4       0
                text2                              24F4     24F4      1F6        4       0
                text1                              2872     2872      170        4       0
                text0                              192E     192E      40C        4       0
                cstackCOMRAM                          1        1       55        1       1
                cstackBANK0                          60       60       72       60       1
                cstackBANK1                         163      163       57      100       1
                bssBANK1                            100      100       63      100       1
                bssBANK0                             D2       D2       2B       60       1
                bssCOMRAM                            56       56        4        1       1
                cinit                              3178     3178       2E        4       0

TOTAL           Name                               Link     Load   Length     Space
        CLASS   STACK          

        CLASS   CODE           
                intcode                               8        8       82         0
                init                                 8A       8A        4         0
                reset_vec                             0        0        4         0
                text30                             31A6     31A6       2E         0
                text29                             31FC     31FC       26         0
                text28                             3142     3142       36         0
                text27                             2E7A     2E7A       92         0
                text26                             3240     3240       16         0
                text25                             2CEE     2CEE       CA         0
                text24                             3088     3088       44         0
                text23                             310C     310C       36         0
                text22                             2DB8     2DB8       C2         0
                text21                             2FDC     2FDC       5A         0
                text20                             26EA     26EA      188         0
                text19                             29E2     29E2      164         0
                text18                             30CC     30CC       40         0
                text17                             1D3A     1D3A      2E0         0
                text16                             22CE     22CE      226         0
                text15                             2F7A     2F7A       62         0
                text14                             3036     3036       52         0
                text13                             13AA     13AA      584         0
                text12                             3222     3222       1E         0
                text11                             31D4     31D4       28         0
                text10                              DDE      DDE      5CC         0
                text9                              2F0C     2F0C       6E         0
                text8                              2C20     2C20       CE         0
                text7                              326A     326A        A         0
                text6                                8E       8E      D50         0
                text5                              2B46     2B46       DA         0
                text4                              3256     3256       14         0
                text3                              201A     201A      2B4         0
                text2                              24F4     24F4      1F6         0
                text1                              2872     2872      170         0
                text0                              192E     192E      40C         0
                cinit                              3178     3178       2E         0

        CLASS   CONST          

        CLASS   SMALLCONST     

        CLASS   MEDIUMCONST    
                mediumconst                        FB12     FB12      4EE         0

        CLASS   COMRAM         
                temp                                 5A       5A        1         1
                cstackCOMRAM                          1        1       55         1
                bssCOMRAM                            56       56        4         1

        CLASS   ABS1           

        CLASS   BIGRAM         

        CLASS   RAM            

        CLASS   BANK0          
                cstackBANK0                          60       60       72         1
                bssBANK0                             D2       D2       2B         1

        CLASS   BANK1          
                cstackBANK1                         163      163       57         1
                bssBANK1                            100      100       63         1

        CLASS   BANK2          

        CLASS   BANK3          

        CLASS   BANK4          

        CLASS   BANK5          

        CLASS   BANK6          

        CLASS   BANK7          

        CLASS   BANK8          

        CLASS   BANK9          

        CLASS   BANK10         

        CLASS   BANK11         

        CLASS   BANK12         

        CLASS   BANK13         

        CLASS   BANK14         

        CLASS   BANK15         

        CLASS   SFR            

        CLASS   FARRAM         

        CLASS   CONFIG         
                config                           300000   300000        E         0

        CLASS   IDLOC          
                idloc                            200000   200000        8         0

        CLASS   EEDATA         



SEGMENTS        Name                           Load    Length   Top    Selector   Space  Class

                reset_vec                      000000  000004  000004         0       0  CODE    
                cstackCOMRAM                   000001  00005A  00005B         1       1  COMRAM  
                intcode                        000008  00326C  003274         4       0  CODE    
                cstackBANK0                    000060  00009D  0000FD        60       1  BANK0   
                bssBANK1                       000100  0000BA  0001BA       100       1  BANK1   
                mediumconst                    00FB12  0004EE  010000      7D89       0  MEDIUMCO
                idloc                          200000  000008  200008    200000       0  IDLOC   
                config                         300000  00000E  30000E    300000       0  CONFIG  


UNUSED ADDRESS RANGES

        Name                Unused          Largest block    Delta
        BANK0            0000FD-0000FF                3
        BANK1            0001BA-0001FF               46
        BANK10           000A00-000AFF              100
        BANK11           000B00-000BFF              100
        BANK12           000C00-000CFF              100
        BANK13           000D00-000DFF              100
        BANK14           000E00-000EFF              100
        BANK15           000F00-000F37               38
        BANK2            000200-0002FF              100
        BANK3            000300-0003FF              100
        BANK4            000400-0004FF              100
        BANK5            000500-0005FF              100
        BANK6            000600-0006FF              100
        BANK7            000700-0007FF              100
        BANK8            000800-0008FF              100
        BANK9            000900-0009FF              100
        BIGRAM           00005B-00005F                5
                         0000FD-0000FF                3
                         0001BA-000F37              D7E
        CODE             000004-000007                4
                         003274-00FB11             C89E
        COMRAM           00005B-00005F                5
        CONST            000004-000007                4
                         003274-00FB11             C89E
        EEDATA           F00000-F003FF              400
        MEDIUMCONST      003274-00FB11             C89E
        RAM              0000FD-0000FF                3
                         0001BA-000F37              100
        SFR              000F38-000FFF               28
        SMALLCONST       003274-00FB11              100
        STACK            0001BA-000F37              D7E

                                  Symbol Table

?___aodiv                   cstackCOMRAM 000005
?___aomod                   cstackCOMRAM 000005
?_abs                       cstackCOMRAM 000017
?_ctoa                      cstackCOMRAM 000021
?_dtoa                      cstackCOMRAM 000021
?_pad                       cstackCOMRAM 000016
?_printf                    cstackBANK0  000068
?_sprintf                   cstackBANK0  000068
?_strlen                    cstackCOMRAM 000005
?_vfpfcnvrt                 cstackCOMRAM 000045
?_vfprintf                  cstackBANK0  000060
Bargraph@graph              cstackBANK0  00008D
Bargraph@text               cstackBANK0  00007C
Knight_rider_2000@i         cstackBANK0  00007E
Knight_rider_2000@j         cstackBANK0  000080
Knight_rider_2000@r         cstackBANK0  00007C
Knight_rider_3000@i         cstackBANK0  00007C
Knight_rider_3000@j         cstackBANK0  00007E
LCD_Send@data               cstackCOMRAM 000005
LCD_ShowString@i            cstackCOMRAM 000009
LCD_ShowString@lineNum      cstackCOMRAM 000008
LCD_ShowString@textData     cstackCOMRAM 000006
Morseovka@i                 cstackBANK0  00007F
PWM_motor_led@strida        cstackBANK0  00007C
Pong@P1                     cstackBANK0  0000AF
Pong@P2                     cstackBANK0  0000B1
Pong@gameover               cstackBANK0  00007C
Pong@i                      cstackBANK0  0000CA
Pong@j                      cstackBANK0  0000CC
Pong@micek                  cstackBANK0  0000B5
Pong@n                      cstackBANK0  0000B3
Pong@r                      cstackBANK0  0000C8
Pong@t                      cstackBANK0  0000C6
Pong@vitez                  cstackBANK0  00008D
Pong@z                      cstackBANK0  0000CE
Pong@zivoty                 cstackBANK0  00009E
_ADCON0bits                 (abs)        000FC2
_ADCON2bits                 (abs)        000FC0
_ADIE                       (abs)        007CEE
_ADIF                       (abs)        007CF6
_ADRESH                     (abs)        000FC4
_ADRESL                     (abs)        000FC3
_ANSELA                     (abs)        000F38
_ANSELAbits                 (abs)        000F38
_ANSELC                     (abs)        000F3A
_ANSELDbits                 (abs)        000F3B
_ANSELE                     (abs)        000F3C
_Bargraph                   text13       0013AA
_Bargraph_init              text30       0031A6
_CCP1CONbits                (abs)        000FBD
_CCPR1L                     (abs)        000FBE
_CCPTMRS0bits               (abs)        000F49
_GIE                        (abs)        007F97
_GODONE                     (abs)        007E11
_ISR                        intcode      000008
_Knight_rider_2000          text3        00201A
_Knight_rider_3000          text2        0024F4
_LATAbits                   (abs)        000F89
_LATCbits                   (abs)        000F8B
_LATDbits                   (abs)        000F8C
_LCD_Clear                  text28       003142
_LCD_Init                   text5        002B46
_LCD_Send                   text29       0031FC
_LCD_ShowString             text27       002E7A
_Morseovka                  text10       000DDE
_Morseovka_init             text12       003222
_PEIE                       (abs)        007F96
_PORTAbits                  (abs)        000F80
_PORTCbits                  (abs)        000F82
_PR2                        (abs)        000FBB
_PSTR1CONbits               (abs)        000FB9
_PWM_init                   text9        002F0C
_PWM_motor_led              text8        002C20
_Pong                       text6        00008E
_Pong_init                  text7        00326A
_RC1IE                      (abs)        007CED
_RC1IF                      (abs)        007CF5
_RCREG1                     (abs)        000FAE
_RCSTA1bits                 (abs)        000FAB
_SPBRG1                     (abs)        000FAF
_SSP2ADD                    (abs)        000F6E
_SSP2BUF                    (abs)        000F6F
_SSP2CON1bits               (abs)        000F6C
_SSP2CON2bits               (abs)        000F6B
_SSP2IF                     (abs)        007D27
_SSP2STATbits               (abs)        000F6D
_T2CONbits                  (abs)        000FBA
_TMR2IF                     (abs)        007CF1
_TMR2ON                     (abs)        007DD2
_TRISAbits                  (abs)        000F92
_TRISCbits                  (abs)        000F94
_TRISD                      (abs)        000F95
_TRISDbits                  (abs)        000F95
_TX1IF                      (abs)        007CF4
_TXREG1                     (abs)        000FAD
_TXSTA1bits                 (abs)        000FAC
__CFG_FOSC$HSMP             (abs)        000000
__CFG_PLLCFG$ON             (abs)        000000
__CFG_PRICLKEN$ON           (abs)        000000
__CFG_WDTEN$OFF             (abs)        000000
__HRAM                      (abs)        000000
__Habs1                     abs1         000000
__Hbank0                    bank0        000000
__Hbank1                    bank1        000000
__Hbank10                   bank10       000000
__Hbank11                   bank11       000000
__Hbank12                   bank12       000000
__Hbank13                   bank13       000000
__Hbank14                   bank14       000000
__Hbank15                   bank15       000000
__Hbank2                    bank2        000000
__Hbank3                    bank3        000000
__Hbank4                    bank4        000000
__Hbank5                    bank5        000000
__Hbank6                    bank6        000000
__Hbank7                    bank7        000000
__Hbank8                    bank8        000000
__Hbank9                    bank9        000000
__Hbigbss                   bigbss       000000
__Hbigdata                  bigdata      000000
__Hbigram                   bigram       000000
__Hbss                      bss          000000
__HbssBANK0                 bssBANK0     000000
__HbssBANK1                 bssBANK1     000000
__HbssCOMRAM                bssCOMRAM    000000
__Hcinit                    cinit        000000
__Hclrtext                  clrtext      000000
__Hcomram                   comram       000000
__Hconfig                   config       30000E
__Hconst                    const        000000
__HcstackBANK0              cstackBANK0  000000
__HcstackBANK1              cstackBANK1  000000
__HcstackCOMRAM             cstackCOMRAM 000000
__Hdata                     data         000000
__Heeprom_data              eeprom_data  000000
__Hfarbss                   farbss       000000
__Hfardata                  fardata      000000
__Hibigdata                 ibigdata     000000
__Hidata                    idata        000000
__Hidloc                    idloc        200008
__Hifardata                 ifardata     000000
__Hinit                     init         00008E
__Hintcode                  intcode      00008A
__Hintcode_body             intcode_body 000000
__Hintcodelo                intcodelo    00008A
__Hintentry                 intentry     000000
__Hintret                   intret       000000
__Hintsave_regs             intsave_regs 000000
__Hirdata                   irdata       000000
__Hmediumconst              mediumconst  010000
__HnvFARRAM                 nvFARRAM     000000
__Hnvbit                    nvbit        000000
__Hnvrram                   nvrram       000000
__Hparam                    rparam       000000
__Hpowerup                  powerup      00008A
__Hram                      ram          000000
__Hramtop                   ramtop       001000
__Hrbit                     rbit         000000
__Hrbss                     rbss         000000
__Hrdata                    rdata        000000
__Hreset_vec                reset_vec    000004
__Hrparam                   rparam       000000
__Hsfr                      sfr          000000
__Hsmallconst               smallconst   000000
__Hspace_0                  (abs)        30000E
__Hspace_1                  (abs)        0001BA
__Hspace_2                  (abs)        000000
__Hstack                    stack        000000
__Hstruct                   struct       000000
__Htemp                     temp         00005B
__Htext                     text         000000
__Htext0                    text0        000000
__Htext1                    text1        000000
__Htext10                   text10       000000
__Htext11                   text11       000000
__Htext12                   text12       000000
__Htext13                   text13       000000
__Htext14                   text14       000000
__Htext15                   text15       000000
__Htext16                   text16       000000
__Htext17                   text17       000000
__Htext18                   text18       000000
__Htext19                   text19       000000
__Htext2                    text2        000000
__Htext20                   text20       000000
__Htext21                   text21       000000
__Htext22                   text22       000000
__Htext23                   text23       000000
__Htext24                   text24       000000
__Htext25                   text25       000000
__Htext26                   text26       000000
__Htext27                   text27       000000
__Htext28                   text28       000000
__Htext29                   text29       000000
__Htext3                    text3        000000
__Htext30                   text30       000000
__Htext4                    text4        000000
__Htext5                    text5        000000
__Htext6                    text6        000000
__Htext7                    text7        000000
__Htext8                    text8        000000
__Htext9                    text9        000000
__LRAM                      (abs)        000001
__Labs1                     abs1         000000
__Lbank0                    bank0        000000
__Lbank1                    bank1        000000
__Lbank10                   bank10       000000
__Lbank11                   bank11       000000
__Lbank12                   bank12       000000
__Lbank13                   bank13       000000
__Lbank14                   bank14       000000
__Lbank15                   bank15       000000
__Lbank2                    bank2        000000
__Lbank3                    bank3        000000
__Lbank4                    bank4        000000
__Lbank5                    bank5        000000
__Lbank6                    bank6        000000
__Lbank7                    bank7        000000
__Lbank8                    bank8        000000
__Lbank9                    bank9        000000
__Lbigbss                   bigbss       000000
__Lbigdata                  bigdata      000000
__Lbigram                   bigram       000000
__Lbss                      bss          000000
__LbssBANK0                 bssBANK0     000000
__LbssBANK1                 bssBANK1     000000
__LbssCOMRAM                bssCOMRAM    000000
__Lcinit                    cinit        000000
__Lclrtext                  clrtext      000000
__Lcomram                   comram       000000
__Lconfig                   config       300000
__Lconst                    const        000000
__LcstackBANK0              cstackBANK0  000000
__LcstackBANK1              cstackBANK1  000000
__LcstackCOMRAM             cstackCOMRAM 000000
__Ldata                     data         000000
__Leeprom_data              eeprom_data  000000
__Lfarbss                   farbss       000000
__Lfardata                  fardata      000000
__Libigdata                 ibigdata     000000
__Lidata                    idata        000000
__Lidloc                    idloc        200000
__Lifardata                 ifardata     000000
__Linit                     init         00008A
__Lintcode                  intcode      000008
__Lintcode_body             intcode_body 000000
__Lintcodelo                intcodelo    00008A
__Lintentry                 intentry     000000
__Lintret                   intret       000000
__Lintsave_regs             intsave_regs 000000
__Lirdata                   irdata       000000
__Lmediumconst              mediumconst  00FB12
__LnvFARRAM                 nvFARRAM     000000
__Lnvbit                    nvbit        000000
__Lnvrram                   nvrram       000000
__Lparam                    rparam       000000
__Lpowerup                  powerup      00008A
__Lram                      ram          000000
__Lramtop                   ramtop       001000
__Lrbit                     rbit         000000
__Lrbss                     rbss         000000
__Lrdata                    rdata        000000
__Lreset_vec                reset_vec    000000
__Lrparam                   rparam       000000
__Lsfr                      sfr          000000
__Lsmallconst               smallconst   000000
__Lspace_0                  (abs)        000000
__Lspace_1                  (abs)        000000
__Lspace_2                  (abs)        000000
__Lstack                    stack        000000
__Lstruct                   struct       000000
__Ltemp                     temp         00005A
__Ltext                     text         000000
__Ltext0                    text0        000000
__Ltext1                    text1        000000
__Ltext10                   text10       000000
__Ltext11                   text11       000000
__Ltext12                   text12       000000
__Ltext13                   text13       000000
__Ltext14                   text14       000000
__Ltext15                   text15       000000
__Ltext16                   text16       000000
__Ltext17                   text17       000000
__Ltext18                   text18       000000
__Ltext19                   text19       000000
__Ltext2                    text2        000000
__Ltext20                   text20       000000
__Ltext21                   text21       000000
__Ltext22                   text22       000000
__Ltext23                   text23       000000
__Ltext24                   text24       000000
__Ltext25                   text25       000000
__Ltext26                   text26       000000
__Ltext27                   text27       000000
__Ltext28                   text28       000000
__Ltext29                   text29       000000
__Ltext3                    text3        000000
__Ltext30                   text30       000000
__Ltext4                    text4        000000
__Ltext5                    text5        000000
__Ltext6                    text6        000000
__Ltext7                    text7        000000
__Ltext8                    text8        000000
__Ltext9                    text9        000000
__S0                        (abs)        30000E
__S1                        (abs)        0001BA
__S2                        (abs)        000000
___aodiv                    text20       0026EA
___aodiv@counter            cstackCOMRAM 000015
___aodiv@dividend           cstackCOMRAM 000005
___aodiv@divisor            cstackCOMRAM 00000D
___aodiv@quotient           cstackCOMRAM 000017
___aodiv@sign               cstackCOMRAM 000016
___aomod                    text19       0029E2
___aomod@counter            cstackCOMRAM 000015
___aomod@dividend           cstackCOMRAM 000005
___aomod@divisor            cstackCOMRAM 00000D
___aomod@sign               cstackCOMRAM 000016
___inthi_sp                 stack        000000
___intlo_sp                 stack        000000
___param_bank               (abs)        000000
___rparam_used              (abs)        000001
___sp                       stack        000000
__accesstop                 (abs)        000060
__activetblptr              (abs)        000002
__end_of_Bargraph           text13       00192E
__end_of_Bargraph_init      text30       0031D4
__end_of_ISR                intcode      00008A
__end_of_Knight_rider_2000  text3        0022CE
__end_of_Knight_rider_3000  text2        0026EA
__end_of_LCD_Clear          text28       003178
__end_of_LCD_Init           text5        002C20
__end_of_LCD_Send           text29       003222
__end_of_LCD_ShowString     text27       002F0C
__end_of_Morseovka          text10       0013AA
__end_of_Morseovka_init     text12       003240
__end_of_PWM_init           text9        002F7A
__end_of_PWM_motor_led      text8        002CEE
__end_of_Pong               text6        000DDE
__end_of_Pong_init          text7        003274
__end_of___aodiv            text20       002872
__end_of___aomod            text19       002B46
__end_of__initialization    cinit        003198
__end_of_abs                text18       00310C
__end_of_ctoa               text21       003036
__end_of_dtoa               text17       00201A
__end_of_fputc              text25       002DB8
__end_of_fputs              text24       0030CC
__end_of_init               text4        00326A
__end_of_kr_init            text1        0029E2
__end_of_main               text0        001D3A
__end_of_pad                text22       002E7A
__end_of_printf             text11       0031FC
__end_of_putch              text26       003256
__end_of_sprintf            text14       003088
__end_of_strlen             text23       003142
__end_of_vfpfcnvrt          text16       0024F4
__end_of_vfprintf           text15       002FDC
__initialization            cinit        003178
__mediumconst               mediumconst  00FB12
__pbssBANK0                 bssBANK0     0000D2
__pbssBANK1                 bssBANK1     000100
__pbssCOMRAM                bssCOMRAM    000056
__pcinit                    cinit        003178
__pcstackBANK0              cstackBANK0  000060
__pcstackBANK1              cstackBANK1  000163
__pcstackCOMRAM             cstackCOMRAM 000001
__pintcode                  intcode      000008
__pmediumconst              mediumconst  00FB12
__ptext0                    text0        00192E
__ptext1                    text1        002872
__ptext10                   text10       000DDE
__ptext11                   text11       0031D4
__ptext12                   text12       003222
__ptext13                   text13       0013AA
__ptext14                   text14       003036
__ptext15                   text15       002F7A
__ptext16                   text16       0022CE
__ptext17                   text17       001D3A
__ptext18                   text18       0030CC
__ptext19                   text19       0029E2
__ptext2                    text2        0024F4
__ptext20                   text20       0026EA
__ptext21                   text21       002FDC
__ptext22                   text22       002DB8
__ptext23                   text23       00310C
__ptext24                   text24       003088
__ptext25                   text25       002CEE
__ptext26                   text26       003240
__ptext27                   text27       002E7A
__ptext28                   text28       003142
__ptext29                   text29       0031FC
__ptext3                    text3        00201A
__ptext30                   text30       0031A6
__ptext4                    text4        003256
__ptext5                    text5        002B46
__ptext6                    text6        00008E
__ptext7                    text7        00326A
__ptext8                    text8        002C20
__ptext9                    text9        002F0C
__ramtop                    ramtop       001000
__size_of_Bargraph          (abs)        000000
__size_of_Bargraph_init     (abs)        000000
__size_of_ISR               (abs)        000000
__size_of_Knight_rider_2000 (abs)        000000
__size_of_Knight_rider_3000 (abs)        000000
__size_of_LCD_Clear         (abs)        000000
__size_of_LCD_Init          (abs)        000000
__size_of_LCD_Send          (abs)        000000
__size_of_LCD_ShowString    (abs)        000000
__size_of_Morseovka         (abs)        000000
__size_of_Morseovka_init    (abs)        000000
__size_of_PWM_init          (abs)        000000
__size_of_PWM_motor_led     (abs)        000000
__size_of_Pong              (abs)        000000
__size_of_Pong_init         (abs)        000000
__size_of___aodiv           (abs)        000000
__size_of___aomod           (abs)        000000
__size_of_abs               (abs)        000000
__size_of_ctoa              (abs)        000000
__size_of_dtoa              (abs)        000000
__size_of_fputc             (abs)        000000
__size_of_fputs             (abs)        000000
__size_of_init              (abs)        000000
__size_of_kr_init           (abs)        000000
__size_of_main              (abs)        000000
__size_of_pad               (abs)        000000
__size_of_printf            (abs)        000000
__size_of_putch             (abs)        000000
__size_of_sprintf           (abs)        000000
__size_of_strlen            (abs)        000000
__size_of_vfpfcnvrt         (abs)        000000
__size_of_vfprintf          (abs)        000000
__smallconst                smallconst   000000
_abs                        text18       0030CC
_ctoa                       text21       002FDC
_dbuf                       bssBANK1     000132
_dtoa                       text17       001D3A
_dtoa$1781                  cstackCOMRAM 000033
_flags                      bssCOMRAM    000058
_fputc                      text25       002CEE
_fputs                      text24       003088
_init                       text4        003256
_kr_init                    text1        002872
_main                       text0        00192E
_n                          bssBANK0     0000D2
_nadpis1                    bssBANK0     0000EC
_nadpis2                    bssBANK0     0000DB
_nout                       bssBANK0     0000D5
_pad                        text22       002DB8
_pot1                       bssBANK0     0000D9
_prec                       bssBANK0     0000D7
_printf                     text11       0031D4
_putch                      text26       003240
_sprintf                    text14       003036
_strlen                     text23       00310C
_text                       bssBANK1     000152
_vfpfcnvrt                  text16       0022CE
_vfprintf                   text15       002F7A
_width                      bssCOMRAM    000056
_zapis                      bssBANK1     000100
abs@a                       cstackCOMRAM 000017
btemp                       temp         00005A
ctoa@c                      cstackCOMRAM 000023
ctoa@fp                     cstackCOMRAM 000021
ctoa@w                      cstackCOMRAM 000024
dtoa@d                      cstackCOMRAM 000023
dtoa@fp                     cstackCOMRAM 000021
dtoa@i                      cstackCOMRAM 000043
dtoa@n                      cstackCOMRAM 00003B
dtoa@p                      cstackCOMRAM 000035
dtoa@s                      cstackCOMRAM 000039
dtoa@w                      cstackCOMRAM 000037
end_of_initialization       cinit        003198
fputc@c                     cstackCOMRAM 000006
fputc@fp                    cstackCOMRAM 000008
fputs@c                     cstackCOMRAM 000013
fputs@fp                    cstackCOMRAM 000011
fputs@i                     cstackCOMRAM 000014
fputs@s                     cstackCOMRAM 00000F
int$flags                   temp         00005A
intlevel0                   text         000000
intlevel1                   text         000000
intlevel2                   text         000000
intlevel3                   text         000000
kr_init@k_r                 cstackBANK0  000084
kr_init@kr                  cstackBANK0  0000A6
kr_init@mor                 cstackBANK0  000095
main@barg                   cstackBANK1  0001A7
main@k_r                    cstackBANK1  000163
main@m                      cstackBANK1  0001B8
main@mor                    cstackBANK1  000185
main@pong                   cstackBANK1  000174
main@pwm                    cstackBANK1  000196
pad@buf                     cstackCOMRAM 000018
pad@fp                      cstackCOMRAM 000016
pad@i                       cstackCOMRAM 00001D
pad@p                       cstackCOMRAM 00001A
pad@w                       cstackCOMRAM 00001F
printf@ap                   cstackBANK0  00006C
printf@fmt                  cstackBANK0  000068
putch@data                  cstackCOMRAM 000005
sprintf@ap                  cstackBANK0  000072
sprintf@f                   cstackBANK0  000074
sprintf@fmt                 cstackBANK0  00006A
sprintf@s                   cstackBANK0  000068
stackhi                     (abs)        000F37
stacklo                     (abs)        0001BA
start                       init         00008A
start_initialization        cinit        003178
strlen@a                    cstackCOMRAM 000007
strlen@s                    cstackCOMRAM 000005
ttemp5                      temp         00005B
ttemp6                      temp         00005E
ttemp7                      temp         000062
vfpfcnvrt@ap                cstackCOMRAM 000049
vfpfcnvrt@c                 cstackCOMRAM 000055
vfpfcnvrt@fmt               cstackCOMRAM 000047
vfpfcnvrt@fp                cstackCOMRAM 000045
vfpfcnvrt@ll                cstackCOMRAM 00004D
vfprintf@ap                 cstackBANK0  000064
vfprintf@cfmt               cstackBANK0  000066
vfprintf@fmt                cstackBANK0  000062
vfprintf@fp                 cstackBANK0  000060
wtemp8                      temp         00005B


FUNCTION INFORMATION:

 *************** function _main *****************
 Defined at:
		line 225 in file "Projekt.c"
 Parameters:    Size  Location     Type
		None
 Auto vars:     Size  Location     Type
  barg           17   68[BANK1 ] unsigned char [17]
  pwm            17   51[BANK1 ] unsigned char [17]
  mor            17   34[BANK1 ] unsigned char [17]
  pong           17   17[BANK1 ] unsigned char [17]
  k_r            17    0[BANK1 ] unsigned char [17]
  m               2   85[BANK1 ] int 
 Return value:  Size  Location     Type
                  1    wreg      void 
 Registers used:
		wreg, fsr1l, fsr1h, fsr2l, fsr2h, status,2, status,0, tblptrl, tblptrh, tblptru, cstack
 Tracked objects:
		On entry : 
		On exit  : 
		Unchanged: 
 Data sizes:     COMRAM   BANK0   BANK1   BANK2   BANK3   BANK4   BANK5   BANK6   BANK7   BANK8   BANK9  BANK10  BANK11  BANK12  BANK13  BANK14  BANK15
      Params:         0       0       0       0       0       0       0       0       0       0       0       0       0       0       0       0       0
      Locals:         0       0      87       0       0       0       0       0       0       0       0       0       0       0       0       0       0
      Temps:          0       2       0       0       0       0       0       0       0       0       0       0       0       0       0       0       0
      Totals:         0       2      87       0       0       0       0       0       0       0       0       0       0       0       0       0       0
Total ram usage:       89 bytes
 Hardware stack levels required when called:   11
 This function calls:
		_Bargraph
		_LCD_Clear
		_LCD_ShowString
		_Morseovka
		_PWM_motor_led
		_Pong
		_init
		_kr_init
		_sprintf
 This function is called by:
		Startup code after reset
 This function uses a non-reentrant model


 *************** function _kr_init *****************
 Defined at:
		line 79 in file "Projekt.c"
 Parameters:    Size  Location     Type
		None
 Auto vars:     Size  Location     Type
  mor            17   53[BANK0 ] unsigned char [17]
  k_r            17   36[BANK0 ] unsigned char [17]
  kr              2   70[BANK0 ] int 
 Return value:  Size  Location     Type
                  1    wreg      void 
 Registers used:
		wreg, fsr1l, fsr1h, fsr2l, fsr2h, status,2, status,0, tblptrl, tblptrh, tblptru, cstack
 Tracked objects:
		On entry : 
		On exit  : 
		Unchanged: 
 Data sizes:     COMRAM   BANK0   BANK1   BANK2   BANK3   BANK4   BANK5   BANK6   BANK7   BANK8   BANK9  BANK10  BANK11  BANK12  BANK13  BANK14  BANK15
      Params:         0       0       0       0       0       0       0       0       0       0       0       0       0       0       0       0       0
      Locals:         0      36       0       0       0       0       0       0       0       0       0       0       0       0       0       0       0
      Temps:          0       2       0       0       0       0       0       0       0       0       0       0       0       0       0       0       0
      Totals:         0      38       0       0       0       0       0       0       0       0       0       0       0       0       0       0       0
Total ram usage:       38 bytes
 Hardware stack levels used:    1
 Hardware stack levels required when called:   10
 This function calls:
		_Knight_rider_2000
		_Knight_rider_3000
		_LCD_ShowString
		_sprintf
 This function is called by:
		_main
 This function uses a non-reentrant model


 *************** function _Knight_rider_3000 *****************
 Defined at:
		line 569 in file "Projekt.c"
 Parameters:    Size  Location     Type
		None
 Auto vars:     Size  Location     Type
  j               2   30[BANK0 ] int 
  i               2   28[BANK0 ] int 
 Return value:  Size  Location     Type
                  1    wreg      void 
 Registers used:
		wreg, fsr1l, fsr1h, fsr2l, fsr2h, status,2, status,0, tblptrl, tblptrh, tblptru, cstack
 Tracked objects:
		On entry : 
		On exit  : 
		Unchanged: 
 Data sizes:     COMRAM   BANK0   BANK1   BANK2   BANK3   BANK4   BANK5   BANK6   BANK7   BANK8   BANK9  BANK10  BANK11  BANK12  BANK13  BANK14  BANK15
      Params:         0       0       0       0       0       0       0       0       0       0       0       0       0       0       0       0       0
      Locals:         0       4       0       0       0       0       0       0       0       0       0       0       0       0       0       0       0
      Temps:          0       2       0       0       0       0       0       0       0       0       0       0       0       0       0       0       0
      Totals:         0       6       0       0       0       0       0       0       0       0       0       0       0       0       0       0       0
Total ram usage:        6 bytes
 Hardware stack levels used:    1
 Hardware stack levels required when called:    9
 This function calls:
		_LCD_ShowString
		_sprintf
 This function is called by:
		_kr_init
 This function uses a non-reentrant model


 *************** function _Knight_rider_2000 *****************
 Defined at:
		line 660 in file "Projekt.c"
 Parameters:    Size  Location     Type
		None
 Auto vars:     Size  Location     Type
  j               2   32[BANK0 ] int 
  i               2   30[BANK0 ] int 
  r               2   28[BANK0 ] int 
 Return value:  Size  Location     Type
                  1    wreg      void 
 Registers used:
		wreg, fsr1l, fsr1h, fsr2l, fsr2h, status,2, status,0, tblptrl, tblptrh, tblptru, cstack
 Tracked objects:
		On entry : 
		On exit  : 
		Unchanged: 
 Data sizes:     COMRAM   BANK0   BANK1   BANK2   BANK3   BANK4   BANK5   BANK6   BANK7   BANK8   BANK9  BANK10  BANK11  BANK12  BANK13  BANK14  BANK15
      Params:         0       0       0       0       0       0       0       0       0       0       0       0       0       0       0       0       0
      Locals:         0       6       0       0       0       0       0       0       0       0       0       0       0       0       0       0       0
      Temps:          0       2       0       0       0       0       0       0       0       0       0       0       0       0       0       0       0
      Totals:         0       8       0       0       0       0       0       0       0       0       0       0       0       0       0       0       0
Total ram usage:        8 bytes
 Hardware stack levels used:    1
 Hardware stack levels required when called:    9
 This function calls:
		_LCD_Clear
		_LCD_ShowString
		_sprintf
 This function is called by:
		_kr_init
 This function uses a non-reentrant model


 *************** function _init *****************
 Defined at:
		line 66 in file "Projekt.c"
 Parameters:    Size  Location     Type
		None
 Auto vars:     Size  Location     Type
		None
 Return value:  Size  Location     Type
                  1    wreg      void 
 Registers used:
		wreg, status,2, cstack
 Tracked objects:
		On entry : 
		On exit  : 
		Unchanged: 
 Data sizes:     COMRAM   BANK0   BANK1   BANK2   BANK3   BANK4   BANK5   BANK6   BANK7   BANK8   BANK9  BANK10  BANK11  BANK12  BANK13  BANK14  BANK15
      Params:         0       0       0       0       0       0       0       0       0       0       0       0       0       0       0       0       0
      Locals:         0       0       0       0       0       0       0       0       0       0       0       0       0       0       0       0       0
      Temps:          0       0       0       0       0       0       0       0       0       0       0       0       0       0       0       0       0
      Totals:         0       0       0       0       0       0       0       0       0       0       0       0       0       0       0       0       0
Total ram usage:        0 bytes
 Hardware stack levels used:    1
 Hardware stack levels required when called:    3
 This function calls:
		_LCD_Init
 This function is called by:
		_main
 This function uses a non-reentrant model


 *************** function _LCD_Init *****************
 Defined at:
		line 7 in file "lcd.c"
 Parameters:    Size  Location     Type
		None
 Auto vars:     Size  Location     Type
		None
 Return value:  Size  Location     Type
                  1    wreg      void 
 Registers used:
		wreg, status,2, cstack
 Tracked objects:
		On entry : 
		On exit  : 
		Unchanged: 
 Data sizes:     COMRAM   BANK0   BANK1   BANK2   BANK3   BANK4   BANK5   BANK6   BANK7   BANK8   BANK9  BANK10  BANK11  BANK12  BANK13  BANK14  BANK15
      Params:         0       0       0       0       0       0       0       0       0       0       0       0       0       0       0       0       0
      Locals:         0       0       0       0       0       0       0       0       0       0       0       0       0       0       0       0       0
      Temps:          1       0       0       0       0       0       0       0       0       0       0       0       0       0       0       0       0
      Totals:         1       0       0       0       0       0       0       0       0       0       0       0       0       0       0       0       0
Total ram usage:        1 bytes
 Hardware stack levels used:    1
 Hardware stack levels required when called:    2
 This function calls:
		_LCD_Send
 This function is called by:
		_init
 This function uses a non-reentrant model


 *************** function _Pong *****************
 Defined at:
		line 865 in file "Projekt.c"
 Parameters:    Size  Location     Type
		None
 Auto vars:     Size  Location     Type
  micek          17   85[BANK0 ] unsigned char [17]
  zivoty         17   62[BANK0 ] unsigned char [17]
  vitez          17   45[BANK0 ] unsigned char [17]
  gameover       17   28[BANK0 ] unsigned char [17]
  z               2  110[BANK0 ] int 
  j               2  108[BANK0 ] int 
  i               2  106[BANK0 ] int 
  r               2  104[BANK0 ] int 
  t               2  102[BANK0 ] int 
  n               2   83[BANK0 ] int 
  P2              2   81[BANK0 ] int 
  P1              2   79[BANK0 ] int 
 Return value:  Size  Location     Type
                  1    wreg      void 
 Registers used:
		wreg, fsr1l, fsr1h, fsr2l, fsr2h, status,2, status,0, tblptrl, tblptrh, tblptru, cstack
 Tracked objects:
		On entry : 
		On exit  : 
		Unchanged: 
 Data sizes:     COMRAM   BANK0   BANK1   BANK2   BANK3   BANK4   BANK5   BANK6   BANK7   BANK8   BANK9  BANK10  BANK11  BANK12  BANK13  BANK14  BANK15
      Params:         0       0       0       0       0       0       0       0       0       0       0       0       0       0       0       0       0
      Locals:         0      84       0       0       0       0       0       0       0       0       0       0       0       0       0       0       0
      Temps:          0       2       0       0       0       0       0       0       0       0       0       0       0       0       0       0       0
      Totals:         0      86       0       0       0       0       0       0       0       0       0       0       0       0       0       0       0
Total ram usage:       86 bytes
 Hardware stack levels used:    1
 Hardware stack levels required when called:    9
 This function calls:
		_LCD_Clear
		_LCD_ShowString
		_Pong_init
		_sprintf
 This function is called by:
		_main
 This function uses a non-reentrant model


 *************** function _Pong_init *****************
 Defined at:
		line 194 in file "Projekt.c"
 Parameters:    Size  Location     Type
		None
 Auto vars:     Size  Location     Type
		None
 Return value:  Size  Location     Type
                  1    wreg      void 
 Registers used:
		None
 Tracked objects:
		On entry : 
		On exit  : 
		Unchanged: 
 Data sizes:     COMRAM   BANK0   BANK1   BANK2   BANK3   BANK4   BANK5   BANK6   BANK7   BANK8   BANK9  BANK10  BANK11  BANK12  BANK13  BANK14  BANK15
      Params:         0       0       0       0       0       0       0       0       0       0       0       0       0       0       0       0       0
      Locals:         0       0       0       0       0       0       0       0       0       0       0       0       0       0       0       0       0
      Temps:          0       0       0       0       0       0       0       0       0       0       0       0       0       0       0       0       0
      Totals:         0       0       0       0       0       0       0       0       0       0       0       0       0       0       0       0       0
Total ram usage:        0 bytes
 Hardware stack levels used:    1
 Hardware stack levels required when called:    1
 This function calls:
		Nothing
 This function is called by:
		_Pong
 This function uses a non-reentrant model


 *************** function _PWM_motor_led *****************
 Defined at:
		line 526 in file "Projekt.c"
 Parameters:    Size  Location     Type
		None
 Auto vars:     Size  Location     Type
  strida          2   28[BANK0 ] int 
 Return value:  Size  Location     Type
                  1    wreg      void 
 Registers used:
		wreg, fsr1l, fsr1h, fsr2l, fsr2h, status,2, status,0, tblptrl, tblptrh, tblptru, cstack
 Tracked objects:
		On entry : 
		On exit  : 
		Unchanged: 
 Data sizes:     COMRAM   BANK0   BANK1   BANK2   BANK3   BANK4   BANK5   BANK6   BANK7   BANK8   BANK9  BANK10  BANK11  BANK12  BANK13  BANK14  BANK15
      Params:         0       0       0       0       0       0       0       0       0       0       0       0       0       0       0       0       0
      Locals:         0       2       0       0       0       0       0       0       0       0       0       0       0       0       0       0       0
      Temps:          0       2       0       0       0       0       0       0       0       0       0       0       0       0       0       0       0
      Totals:         0       4       0       0       0       0       0       0       0       0       0       0       0       0       0       0       0
Total ram usage:        4 bytes
 Hardware stack levels used:    1
 Hardware stack levels required when called:    9
 This function calls:
		_LCD_Clear
		_LCD_ShowString
		_PWM_init
		_sprintf
 This function is called by:
		_main
 This function uses a non-reentrant model


 *************** function _PWM_init *****************
 Defined at:
		line 140 in file "Projekt.c"
 Parameters:    Size  Location     Type
		None
 Auto vars:     Size  Location     Type
		None
 Return value:  Size  Location     Type
                  1    wreg      void 
 Registers used:
		wreg, status,2
 Tracked objects:
		On entry : 
		On exit  : 
		Unchanged: 
 Data sizes:     COMRAM   BANK0   BANK1   BANK2   BANK3   BANK4   BANK5   BANK6   BANK7   BANK8   BANK9  BANK10  BANK11  BANK12  BANK13  BANK14  BANK15
      Params:         0       0       0       0       0       0       0       0       0       0       0       0       0       0       0       0       0
      Locals:         0       0       0       0       0       0       0       0       0       0       0       0       0       0       0       0       0
      Temps:          0       0       0       0       0       0       0       0       0       0       0       0       0       0       0       0       0
      Totals:         0       0       0       0       0       0       0       0       0       0       0       0       0       0       0       0       0
Total ram usage:        0 bytes
 Hardware stack levels used:    1
 Hardware stack levels required when called:    1
 This function calls:
		Nothing
 This function is called by:
		_PWM_motor_led
 This function uses a non-reentrant model


 *************** function _Morseovka *****************
 Defined at:
		line 340 in file "Projekt.c"
 Parameters:    Size  Location     Type
		None
 Auto vars:     Size  Location     Type
  i               2   31[BANK0 ] int 
  j               2    0        int 
 Return value:  Size  Location     Type
                  1    wreg      void 
 Registers used:
		wreg, fsr1l, fsr1h, fsr2l, fsr2h, status,2, status,0, tblptrl, tblptrh, tblptru, cstack
 Tracked objects:
		On entry : 
		On exit  : 
		Unchanged: 
 Data sizes:     COMRAM   BANK0   BANK1   BANK2   BANK3   BANK4   BANK5   BANK6   BANK7   BANK8   BANK9  BANK10  BANK11  BANK12  BANK13  BANK14  BANK15
      Params:         0       0       0       0       0       0       0       0       0       0       0       0       0       0       0       0       0
      Locals:         0       4       0       0       0       0       0       0       0       0       0       0       0       0       0       0       0
      Temps:          0       3       0       0       0       0       0       0       0       0       0       0       0       0       0       0       0
      Totals:         0       7       0       0       0       0       0       0       0       0       0       0       0       0       0       0       0
Total ram usage:        7 bytes
 Hardware stack levels used:    1
 Hardware stack levels required when called:    9
 This function calls:
		_LCD_Clear
		_LCD_ShowString
		_Morseovka_init
		_printf
		_sprintf
 This function is called by:
		_main
 This function uses a non-reentrant model


 *************** function _printf *****************
 Defined at:
		line 5 in file "T:\Programy\MPLAB\XC  Compiler\pic\sources\c99\common\printf.c"
 Parameters:    Size  Location     Type
  fmt             2    8[BANK0 ] PTR const unsigned char 
		 -> STR_66(3), STR_65(2), STR_64(15), STR_63(13), 
		 -> STR_62(15), STR_61(17), STR_60(13), STR_59(13), 
		 -> STR_58(13), STR_57(13), STR_56(13), STR_55(13), 
		 -> STR_54(13), STR_53(13), STR_52(13), STR_51(13), 
		 -> STR_50(11), STR_49(11), STR_48(11), STR_47(9), 
		 -> STR_46(11), STR_45(9), STR_44(5), STR_43(9), 
		 -> STR_42(9), STR_41(11), STR_40(11), STR_39(9), 
		 -> STR_38(7), STR_37(7), STR_36(11), STR_35(9), 
		 -> STR_34(11), STR_33(7), STR_32(11), STR_31(9), 
		 -> STR_30(11), STR_29(5), STR_28(9), STR_27(11), 
		 -> STR_26(11), STR_25(7), STR_24(12), STR_21(34), 
 Auto vars:     Size  Location     Type
  ap              2   12[BANK0 ] PTR void [1]
		 -> ?_printf(2), ?_sprintf(2), 
  ret             2    0        int 
 Return value:  Size  Location     Type
                  2    8[BANK0 ] int 
 Registers used:
		wreg, fsr1l, fsr1h, fsr2l, fsr2h, status,2, status,0, tblptrl, tblptrh, tblptru, cstack
 Tracked objects:
		On entry : 
		On exit  : 
		Unchanged: 
 Data sizes:     COMRAM   BANK0   BANK1   BANK2   BANK3   BANK4   BANK5   BANK6   BANK7   BANK8   BANK9  BANK10  BANK11  BANK12  BANK13  BANK14  BANK15
      Params:         0       2       0       0       0       0       0       0       0       0       0       0       0       0       0       0       0
      Locals:         0       4       0       0       0       0       0       0       0       0       0       0       0       0       0       0       0
      Temps:          0       0       0       0       0       0       0       0       0       0       0       0       0       0       0       0       0
      Totals:         0       6       0       0       0       0       0       0       0       0       0       0       0       0       0       0       0
Total ram usage:        6 bytes
 Hardware stack levels used:    1
 Hardware stack levels required when called:    8
 This function calls:
		_vfprintf
 This function is called by:
		_Morseovka
 This function uses a non-reentrant model


 *************** function _Morseovka_init *****************
 Defined at:
		line 121 in file "Projekt.c"
 Parameters:    Size  Location     Type
		None
 Auto vars:     Size  Location     Type
		None
 Return value:  Size  Location     Type
                  1    wreg      void 
 Registers used:
		wreg, status,2
 Tracked objects:
		On entry : 
		On exit  : 
		Unchanged: 
 Data sizes:     COMRAM   BANK0   BANK1   BANK2   BANK3   BANK4   BANK5   BANK6   BANK7   BANK8   BANK9  BANK10  BANK11  BANK12  BANK13  BANK14  BANK15
      Params:         0       0       0       0       0       0       0       0       0       0       0       0       0       0       0       0       0
      Locals:         0       0       0       0       0       0       0       0       0       0       0       0       0       0       0       0       0
      Temps:          0       0       0       0       0       0       0       0       0       0       0       0       0       0       0       0       0
      Totals:         0       0       0       0       0       0       0       0       0       0       0       0       0       0       0       0       0
Total ram usage:        0 bytes
 Hardware stack levels used:    1
 Hardware stack levels required when called:    1
 This function calls:
		Nothing
 This function is called by:
		_Morseovka
 This function uses a non-reentrant model


 *************** function _Bargraph *****************
 Defined at:
		line 771 in file "Projekt.c"
 Parameters:    Size  Location     Type
		None
 Auto vars:     Size  Location     Type
  graph          17   45[BANK0 ] unsigned char [17]
  text           17   28[BANK0 ] unsigned char [17]
  n               2    0        int 
  i               2    0        int 
 Return value:  Size  Location     Type
                  1    wreg      void 
 Registers used:
		wreg, fsr1l, fsr1h, fsr2l, fsr2h, status,2, status,0, tblptrl, tblptrh, tblptru, cstack
 Tracked objects:
		On entry : 
		On exit  : 
		Unchanged: 
 Data sizes:     COMRAM   BANK0   BANK1   BANK2   BANK3   BANK4   BANK5   BANK6   BANK7   BANK8   BANK9  BANK10  BANK11  BANK12  BANK13  BANK14  BANK15
      Params:         0       0       0       0       0       0       0       0       0       0       0       0       0       0       0       0       0
      Locals:         0      34       0       0       0       0       0       0       0       0       0       0       0       0       0       0       0
      Temps:          0       2       0       0       0       0       0       0       0       0       0       0       0       0       0       0       0
      Totals:         0      36       0       0       0       0       0       0       0       0       0       0       0       0       0       0       0
Total ram usage:       36 bytes
 Hardware stack levels used:    1
 Hardware stack levels required when called:    9
 This function calls:
		_Bargraph_init
		_LCD_Clear
		_LCD_ShowString
		_sprintf
 This function is called by:
		_main
 This function uses a non-reentrant model


 *************** function _sprintf *****************
 Defined at:
		line 9 in file "T:\Programy\MPLAB\XC  Compiler\pic\sources\c99\common\nf_sprintf.c"
 Parameters:    Size  Location     Type
  s               2    8[BANK0 ] PTR unsigned char 
		 -> Pong@vitez(17), Pong@gameover(17), Pong@micek(17), Pong@zivoty(17), 
		 -> Bargraph@graph(17), Bargraph@text(17), text(17), nadpis2(17), 
		 -> nadpis1(17), main@pong(17), main@barg(17), main@pwm(17), 
		 -> main@mor(17), main@k_r(17), kr_init@mor(17), kr_init@k_r(17), 
  fmt             2   10[BANK0 ] PTR const unsigned char 
		 -> STR_122(19), STR_121(19), STR_120(19), STR_119(19), 
		 -> STR_118(19), STR_117(19), STR_116(19), STR_115(19), 
		 -> STR_114(19), STR_113(19), STR_112(19), STR_111(19), 
		 -> STR_110(19), STR_109(16), STR_108(17), STR_107(19), 
		 -> STR_106(16), STR_105(17), STR_104(19), STR_103(19), 
		 -> STR_102(19), STR_101(19), STR_100(19), STR_99(19), 
		 -> STR_98(19), STR_97(19), STR_96(19), STR_95(19), 
		 -> STR_94(19), STR_93(19), STR_92(19), STR_91(19), 
		 -> STR_90(17), STR_89(17), STR_88(17), STR_87(17), 
		 -> STR_86(17), STR_85(17), STR_84(17), STR_83(17), 
		 -> STR_82(17), STR_81(17), STR_80(17), STR_79(17), 
		 -> STR_78(17), STR_77(17), STR_76(17), STR_75(17), 
		 -> STR_74(17), STR_73(18), STR_72(17), STR_71(17), 
		 -> STR_70(17), STR_69(17), STR_68(23), STR_67(17), 
		 -> STR_23(17), STR_22(17), STR_20(17), STR_19(17), 
		 -> STR_18(17), STR_17(17), STR_16(17), STR_15(17), 
		 -> STR_14(17), STR_13(17), STR_12(17), STR_11(17), 
		 -> STR_10(17), STR_9(17), STR_8(17), STR_7(17), 
		 -> STR_6(17), STR_5(17), STR_4(17), STR_3(17), 
		 -> STR_2(17), STR_1(17), 
 Auto vars:     Size  Location     Type
  f               6   20[BANK0 ] struct _IO_FILE
  ap              2   18[BANK0 ] PTR void [1]
		 -> ?_printf(2), ?_sprintf(2), 
  ret             2    0        int 
 Return value:  Size  Location     Type
                  2    8[BANK0 ] int 
 Registers used:
		wreg, fsr1l, fsr1h, fsr2l, fsr2h, status,2, status,0, tblptrl, tblptrh, tblptru, cstack
 Tracked objects:
		On entry : 
		On exit  : 
		Unchanged: 
 Data sizes:     COMRAM   BANK0   BANK1   BANK2   BANK3   BANK4   BANK5   BANK6   BANK7   BANK8   BANK9  BANK10  BANK11  BANK12  BANK13  BANK14  BANK15
      Params:         0       8       0       0       0       0       0       0       0       0       0       0       0       0       0       0       0
      Locals:         0      10       0       0       0       0       0       0       0       0       0       0       0       0       0       0       0
      Temps:          0       0       0       0       0       0       0       0       0       0       0       0       0       0       0       0       0
      Totals:         0      18       0       0       0       0       0       0       0       0       0       0       0       0       0       0       0
Total ram usage:       18 bytes
 Hardware stack levels used:    1
 Hardware stack levels required when called:    8
 This function calls:
		_vfprintf
 This function is called by:
		_kr_init
		_main
		_Morseovka
		_PWM_motor_led
		_Knight_rider_3000
		_Knight_rider_2000
		_Bargraph
		_Pong
 This function uses a non-reentrant model


 *************** function _vfprintf *****************
 Defined at:
		line 1368 in file "T:\Programy\MPLAB\XC  Compiler\pic\sources\c99\common\doprnt.c"
 Parameters:    Size  Location     Type
  fp              2    0[BANK0 ] PTR struct _IO_FILE
		 -> sprintf@f(6), NULL(0), 
  fmt             2    2[BANK0 ] PTR const unsigned char 
		 -> STR_122(19), STR_121(19), STR_120(19), STR_119(19), 
		 -> STR_118(19), STR_117(19), STR_116(19), STR_115(19), 
		 -> STR_114(19), STR_113(19), STR_112(19), STR_111(19), 
		 -> STR_110(19), STR_109(16), STR_108(17), STR_107(19), 
		 -> STR_106(16), STR_105(17), STR_104(19), STR_103(19), 
		 -> STR_102(19), STR_101(19), STR_100(19), STR_99(19), 
		 -> STR_98(19), STR_97(19), STR_96(19), STR_95(19), 
		 -> STR_94(19), STR_93(19), STR_92(19), STR_91(19), 
		 -> STR_90(17), STR_89(17), STR_88(17), STR_87(17), 
		 -> STR_86(17), STR_85(17), STR_84(17), STR_83(17), 
		 -> STR_82(17), STR_81(17), STR_80(17), STR_79(17), 
		 -> STR_78(17), STR_77(17), STR_76(17), STR_75(17), 
		 -> STR_74(17), STR_73(18), STR_72(17), STR_71(17), 
		 -> STR_70(17), STR_69(17), STR_68(23), STR_67(17), 
		 -> STR_66(3), STR_65(2), STR_64(15), STR_63(13), 
		 -> STR_62(15), STR_61(17), STR_60(13), STR_59(13), 
		 -> STR_58(13), STR_57(13), STR_56(13), STR_55(13), 
		 -> STR_54(13), STR_53(13), STR_52(13), STR_51(13), 
		 -> STR_50(11), STR_49(11), STR_48(11), STR_47(9), 
		 -> STR_46(11), STR_45(9), STR_44(5), STR_43(9), 
		 -> STR_42(9), STR_41(11), STR_40(11), STR_39(9), 
		 -> STR_38(7), STR_37(7), STR_36(11), STR_35(9), 
		 -> STR_34(11), STR_33(7), STR_32(11), STR_31(9), 
		 -> STR_30(11), STR_29(5), STR_28(9), STR_27(11), 
		 -> STR_26(11), STR_25(7), STR_24(12), STR_23(17), 
		 -> STR_22(17), STR_21(34), STR_20(17), STR_19(17), 
		 -> STR_18(17), STR_17(17), STR_16(17), STR_15(17), 
		 -> STR_14(17), STR_13(17), STR_12(17), STR_11(17), 
		 -> STR_10(17), STR_9(17), STR_8(17), STR_7(17), 
		 -> STR_6(17), STR_5(17), STR_4(17), STR_3(17), 
		 -> STR_2(17), STR_1(17), 
  ap              2    4[BANK0 ] PTR PTR void 
		 -> printf@ap(2), sprintf@ap(2), 
 Auto vars:     Size  Location     Type
  cfmt            2    6[BANK0 ] PTR unsigned char 
		 -> STR_122(19), STR_121(19), STR_120(19), STR_119(19), 
		 -> STR_118(19), STR_117(19), STR_116(19), STR_115(19), 
		 -> STR_114(19), STR_113(19), STR_112(19), STR_111(19), 
		 -> STR_110(19), STR_109(16), STR_108(17), STR_107(19), 
		 -> STR_106(16), STR_105(17), STR_104(19), STR_103(19), 
		 -> STR_102(19), STR_101(19), STR_100(19), STR_99(19), 
		 -> STR_98(19), STR_97(19), STR_96(19), STR_95(19), 
		 -> STR_94(19), STR_93(19), STR_92(19), STR_91(19), 
		 -> STR_90(17), STR_89(17), STR_88(17), STR_87(17), 
		 -> STR_86(17), STR_85(17), STR_84(17), STR_83(17), 
		 -> STR_82(17), STR_81(17), STR_80(17), STR_79(17), 
		 -> STR_78(17), STR_77(17), STR_76(17), STR_75(17), 
		 -> STR_74(17), STR_73(18), STR_72(17), STR_71(17), 
		 -> STR_70(17), STR_69(17), STR_68(23), STR_67(17), 
		 -> STR_66(3), STR_65(2), STR_64(15), STR_63(13), 
		 -> STR_62(15), STR_61(17), STR_60(13), STR_59(13), 
		 -> STR_58(13), STR_57(13), STR_56(13), STR_55(13), 
		 -> STR_54(13), STR_53(13), STR_52(13), STR_51(13), 
		 -> STR_50(11), STR_49(11), STR_48(11), STR_47(9), 
		 -> STR_46(11), STR_45(9), STR_44(5), STR_43(9), 
		 -> STR_42(9), STR_41(11), STR_40(11), STR_39(9), 
		 -> STR_38(7), STR_37(7), STR_36(11), STR_35(9), 
		 -> STR_34(11), STR_33(7), STR_32(11), STR_31(9), 
		 -> STR_30(11), STR_29(5), STR_28(9), STR_27(11), 
		 -> STR_26(11), STR_25(7), STR_24(12), STR_23(17), 
		 -> STR_22(17), STR_21(34), STR_20(17), STR_19(17), 
		 -> STR_18(17), STR_17(17), STR_16(17), STR_15(17), 
		 -> STR_14(17), STR_13(17), STR_12(17), STR_11(17), 
		 -> STR_10(17), STR_9(17), STR_8(17), STR_7(17), 
		 -> STR_6(17), STR_5(17), STR_4(17), STR_3(17), 
		 -> STR_2(17), STR_1(17), 
 Return value:  Size  Location     Type
                  2    0[BANK0 ] int 
 Registers used:
		wreg, fsr1l, fsr1h, fsr2l, fsr2h, status,2, status,0, tblptrl, tblptrh, tblptru, cstack
 Tracked objects:
		On entry : 
		On exit  : 
		Unchanged: 
 Data sizes:     COMRAM   BANK0   BANK1   BANK2   BANK3   BANK4   BANK5   BANK6   BANK7   BANK8   BANK9  BANK10  BANK11  BANK12  BANK13  BANK14  BANK15
      Params:         0       6       0       0       0       0       0       0       0       0       0       0       0       0       0       0       0
      Locals:         0       2       0       0       0       0       0       0       0       0       0       0       0       0       0       0       0
      Temps:          0       0       0       0       0       0       0       0       0       0       0       0       0       0       0       0       0
      Totals:         0       8       0       0       0       0       0       0       0       0       0       0       0       0       0       0       0
Total ram usage:        8 bytes
 Hardware stack levels used:    1
 Hardware stack levels required when called:    7
 This function calls:
		_vfpfcnvrt
 This function is called by:
		_sprintf
		_printf
 This function uses a non-reentrant model


 *************** function _vfpfcnvrt *****************
 Defined at:
		line 670 in file "T:\Programy\MPLAB\XC  Compiler\pic\sources\c99\common\doprnt.c"
 Parameters:    Size  Location     Type
  fp              2   68[COMRAM] PTR struct _IO_FILE
		 -> sprintf@f(6), NULL(0), 
  fmt             2   70[COMRAM] PTR PTR unsigned char 
		 -> vfprintf@cfmt(2), 
  ap              2   72[COMRAM] PTR PTR void 
		 -> printf@ap(2), sprintf@ap(2), 
 Auto vars:     Size  Location     Type
  ll              8   76[COMRAM] long long 
  llu             8    0        unsigned long long 
  f               4    0        unsigned long long 
  vp              3    0        PTR void 
  ct              3    0        unsigned char [3]
  cp              3    0        PTR unsigned char 
  i               2    0        int 
  done            2    0        int 
  c               1   84[COMRAM] unsigned char 
 Return value:  Size  Location     Type
                  2   68[COMRAM] int 
 Registers used:
		wreg, fsr1l, fsr1h, fsr2l, fsr2h, status,2, status,0, tblptrl, tblptrh, tblptru, cstack
 Tracked objects:
		On entry : 
		On exit  : 
		Unchanged: 
 Data sizes:     COMRAM   BANK0   BANK1   BANK2   BANK3   BANK4   BANK5   BANK6   BANK7   BANK8   BANK9  BANK10  BANK11  BANK12  BANK13  BANK14  BANK15
      Params:         6       0       0       0       0       0       0       0       0       0       0       0       0       0       0       0       0
      Locals:         9       0       0       0       0       0       0       0       0       0       0       0       0       0       0       0       0
      Temps:          2       0       0       0       0       0       0       0       0       0       0       0       0       0       0       0       0
      Totals:        17       0       0       0       0       0       0       0       0       0       0       0       0       0       0       0       0
Total ram usage:       17 bytes
 Hardware stack levels used:    1
 Hardware stack levels required when called:    6
 This function calls:
		_ctoa
		_dtoa
		_fputc
 This function is called by:
		_vfprintf
 This function uses a non-reentrant model


 *************** function _dtoa *****************
 Defined at:
		line 274 in file "T:\Programy\MPLAB\XC  Compiler\pic\sources\c99\common\doprnt.c"
 Parameters:    Size  Location     Type
  fp              2   32[COMRAM] PTR struct _IO_FILE
		 -> sprintf@f(6), NULL(0), 
  d               8   34[COMRAM] long long 
 Auto vars:     Size  Location     Type
  n               8   58[COMRAM] long long 
  i               2   66[COMRAM] int 
  s               2   56[COMRAM] int 
  w               2   54[COMRAM] int 
  p               2   52[COMRAM] int 
 Return value:  Size  Location     Type
                  2   32[COMRAM] int 
 Registers used:
		wreg, fsr1l, fsr1h, fsr2l, fsr2h, status,2, status,0, cstack
 Tracked objects:
		On entry : 
		On exit  : 
		Unchanged: 
 Data sizes:     COMRAM   BANK0   BANK1   BANK2   BANK3   BANK4   BANK5   BANK6   BANK7   BANK8   BANK9  BANK10  BANK11  BANK12  BANK13  BANK14  BANK15
      Params:        10       0       0       0       0       0       0       0       0       0       0       0       0       0       0       0       0
      Locals:        18       0       0       0       0       0       0       0       0       0       0       0       0       0       0       0       0
      Temps:          8       0       0       0       0       0       0       0       0       0       0       0       0       0       0       0       0
      Totals:        36       0       0       0       0       0       0       0       0       0       0       0       0       0       0       0       0
Total ram usage:       36 bytes
 Hardware stack levels used:    1
 Hardware stack levels required when called:    5
 This function calls:
		___aodiv
		___aomod
		_abs
		_pad
 This function is called by:
		_vfpfcnvrt
 This function uses a non-reentrant model


 *************** function _abs *****************
 Defined at:
		line 1 in file "T:\Programy\MPLAB\XC  Compiler\pic\sources\c99\common\abs.c"
 Parameters:    Size  Location     Type
  a               2   22[COMRAM] int 
 Auto vars:     Size  Location     Type
		None
 Return value:  Size  Location     Type
                  2   22[COMRAM] int 
 Registers used:
		wreg, status,2, status,0
 Tracked objects:
		On entry : 
		On exit  : 
		Unchanged: 
 Data sizes:     COMRAM   BANK0   BANK1   BANK2   BANK3   BANK4   BANK5   BANK6   BANK7   BANK8   BANK9  BANK10  BANK11  BANK12  BANK13  BANK14  BANK15
      Params:         2       0       0       0       0       0       0       0       0       0       0       0       0       0       0       0       0
      Locals:         0       0       0       0       0       0       0       0       0       0       0       0       0       0       0       0       0
      Temps:          2       0       0       0       0       0       0       0       0       0       0       0       0       0       0       0       0
      Totals:         4       0       0       0       0       0       0       0       0       0       0       0       0       0       0       0       0
Total ram usage:        4 bytes
 Hardware stack levels used:    1
 Hardware stack levels required when called:    1
 This function calls:
		Nothing
 This function is called by:
		_dtoa
 This function uses a non-reentrant model


 *************** function ___aomod *****************
 Defined at:
		line 9 in file "T:\Programy\MPLAB\XC  Compiler\pic\sources\c99\common\aomod.c"
 Parameters:    Size  Location     Type
  dividend        8    4[COMRAM] long long 
  divisor         8   12[COMRAM] long long 
 Auto vars:     Size  Location     Type
  sign            1   21[COMRAM] unsigned char 
  counter         1   20[COMRAM] unsigned char 
 Return value:  Size  Location     Type
                  8    4[COMRAM] long long 
 Registers used:
		wreg, status,2, status,0
 Tracked objects:
		On entry : 
		On exit  : 
		Unchanged: 
 Data sizes:     COMRAM   BANK0   BANK1   BANK2   BANK3   BANK4   BANK5   BANK6   BANK7   BANK8   BANK9  BANK10  BANK11  BANK12  BANK13  BANK14  BANK15
      Params:        16       0       0       0       0       0       0       0       0       0       0       0       0       0       0       0       0
      Locals:         2       0       0       0       0       0       0       0       0       0       0       0       0       0       0       0       0
      Temps:          0       0       0       0       0       0       0       0       0       0       0       0       0       0       0       0       0
      Totals:        18       0       0       0       0       0       0       0       0       0       0       0       0       0       0       0       0
Total ram usage:       18 bytes
 Hardware stack levels used:    1
 Hardware stack levels required when called:    1
 This function calls:
		Nothing
 This function is called by:
		_dtoa
 This function uses a non-reentrant model


 *************** function ___aodiv *****************
 Defined at:
		line 9 in file "T:\Programy\MPLAB\XC  Compiler\pic\sources\c99\common\aodiv.c"
 Parameters:    Size  Location     Type
  dividend        8    4[COMRAM] long long 
  divisor         8   12[COMRAM] long long 
 Auto vars:     Size  Location     Type
  quotient        8   22[COMRAM] long long 
  sign            1   21[COMRAM] unsigned char 
  counter         1   20[COMRAM] unsigned char 
 Return value:  Size  Location     Type
                  8    4[COMRAM] long long 
 Registers used:
		wreg, fsr2l, fsr2h, status,2, status,0
 Tracked objects:
		On entry : 
		On exit  : 
		Unchanged: 
 Data sizes:     COMRAM   BANK0   BANK1   BANK2   BANK3   BANK4   BANK5   BANK6   BANK7   BANK8   BANK9  BANK10  BANK11  BANK12  BANK13  BANK14  BANK15
      Params:        16       0       0       0       0       0       0       0       0       0       0       0       0       0       0       0       0
      Locals:        10       0       0       0       0       0       0       0       0       0       0       0       0       0       0       0       0
      Temps:          0       0       0       0       0       0       0       0       0       0       0       0       0       0       0       0       0
      Totals:        26       0       0       0       0       0       0       0       0       0       0       0       0       0       0       0       0
Total ram usage:       26 bytes
 Hardware stack levels used:    1
 Hardware stack levels required when called:    1
 This function calls:
		Nothing
 This function is called by:
		_dtoa
 This function uses a non-reentrant model


 *************** function _ctoa *****************
 Defined at:
		line 259 in file "T:\Programy\MPLAB\XC  Compiler\pic\sources\c99\common\doprnt.c"
 Parameters:    Size  Location     Type
  fp              2   32[COMRAM] PTR struct _IO_FILE
		 -> sprintf@f(6), NULL(0), 
  c               1   34[COMRAM] unsigned char 
[...]
      Params:         3       0       0       0       0       0       0       0       0       0       0       0       0       0       0       0       0
      Locals:         2       0       0       0       0       0       0       0       0       0       0       0       0       0       0       0       0
      Temps:          0       0       0       0       0       0       0       0       0       0       0       0       0       0       0       0       0
      Totals:         5       0       0       0       0       0       0       0       0       0       0       0       0       0       0       0       0
Total ram usage:        5 bytes
 Hardware stack levels used:    1
 Hardware stack levels required when called:    5
 This function calls:
		_pad
 This function is called by:
		_vfpfcnvrt
 This function uses a non-reentrant model


 *************** function _pad *****************
 Defined at:
		line 72 in file "T:\Programy\MPLAB\XC  Compiler\pic\sources\c99\common\doprnt.c"
 Parameters:    Size  Location     Type
  fp              2   21[COMRAM] PTR struct _IO_FILE
		 -> sprintf@f(6), NULL(0), 
  buf             2   23[COMRAM] PTR unsigned char 
		 -> dbuf(32), 
  p               2   25[COMRAM] int 
 Auto vars:     Size  Location     Type
  w               2   30[COMRAM] int 
  i               2   28[COMRAM] int 
 Return value:  Size  Location     Type
                  2   21[COMRAM] int 
 Registers used:
		wreg, fsr1l, fsr1h, fsr2l, fsr2h, status,2, status,0, cstack
 Tracked objects:
		On entry : 
		On exit  : 
		Unchanged: 
 Data sizes:     COMRAM   BANK0   BANK1   BANK2   BANK3   BANK4   BANK5   BANK6   BANK7   BANK8   BANK9  BANK10  BANK11  BANK12  BANK13  BANK14  BANK15
      Params:         6       0       0       0       0       0       0       0       0       0       0       0       0       0       0       0       0
      Locals:         4       0       0       0       0       0       0       0       0       0       0       0       0       0       0       0       0
      Temps:          1       0       0       0       0       0       0       0       0       0       0       0       0       0       0       0       0
      Totals:        11       0       0       0       0       0       0       0       0       0       0       0       0       0       0       0       0
Total ram usage:       11 bytes
 Hardware stack levels used:    1
 Hardware stack levels required when called:    4
 This function calls:
		_fputc
		_fputs
		_strlen
 This function is called by:
		_ctoa
		_dtoa
 This function uses a non-reentrant model


 *************** function _strlen *****************
 Defined at:
		line 5 in file "T:\Programy\MPLAB\XC  Compiler\pic\sources\c99\common\strlen.c"
 Parameters:    Size  Location     Type
  s               2    4[COMRAM] PTR const unsigned char 
		 -> dbuf(32), 
 Auto vars:     Size  Location     Type
  a               2    6[COMRAM] PTR const unsigned char 
		 -> dbuf(32), 
 Return value:  Size  Location     Type
                  2    4[COMRAM] unsigned int 
 Registers used:
		wreg, fsr2l, fsr2h, status,2, status,0
 Tracked objects:
		On entry : 
		On exit  : 
		Unchanged: 
 Data sizes:     COMRAM   BANK0   BANK1   BANK2   BANK3   BANK4   BANK5   BANK6   BANK7   BANK8   BANK9  BANK10  BANK11  BANK12  BANK13  BANK14  BANK15
      Params:         2       0       0       0       0       0       0       0       0       0       0       0       0       0       0       0       0
      Locals:         2       0       0       0       0       0       0       0       0       0       0       0       0       0       0       0       0
      Temps:          0       0       0       0       0       0       0       0       0       0       0       0       0       0       0       0       0
      Totals:         4       0       0       0       0       0       0       0       0       0       0       0       0       0       0       0       0
Total ram usage:        4 bytes
 Hardware stack levels used:    1
 Hardware stack levels required when called:    1
 This function calls:
		Nothing
 This function is called by:
		_pad
 This function uses a non-reentrant model


 *************** function _fputs *****************
 Defined at:
		line 8 in file "T:\Programy\MPLAB\XC  Compiler\pic\sources\c99\common\nf_fputs.c"
 Parameters:    Size  Location     Type
  s               2   14[COMRAM] PTR const unsigned char 
		 -> dbuf(32), 
  fp              2   16[COMRAM] PTR struct _IO_FILE
		 -> sprintf@f(6), NULL(0), 
 Auto vars:     Size  Location     Type
  i               2   19[COMRAM] int 
  c               1   18[COMRAM] unsigned char 
 Return value:  Size  Location     Type
                  2   14[COMRAM] int 
 Registers used:
		wreg, fsr1l, fsr1h, fsr2l, fsr2h, status,2, status,0, cstack
 Tracked objects:
		On entry : 
		On exit  : 
		Unchanged: 
 Data sizes:     COMRAM   BANK0   BANK1   BANK2   BANK3   BANK4   BANK5   BANK6   BANK7   BANK8   BANK9  BANK10  BANK11  BANK12  BANK13  BANK14  BANK15
      Params:         4       0       0       0       0       0       0       0       0       0       0       0       0       0       0       0       0
      Locals:         3       0       0       0       0       0       0       0       0       0       0       0       0       0       0       0       0
      Temps:          0       0       0       0       0       0       0       0       0       0       0       0       0       0       0       0       0
      Totals:         7       0       0       0       0       0       0       0       0       0       0       0       0       0       0       0       0
Total ram usage:        7 bytes
 Hardware stack levels used:    1
 Hardware stack levels required when called:    3
 This function calls:
		_fputc
 This function is called by:
		_pad
 This function uses a non-reentrant model


 *************** function _fputc *****************
 Defined at:
		line 8 in file "T:\Programy\MPLAB\XC  Compiler\pic\sources\c99\common\nf_fputc.c"
 Parameters:    Size  Location     Type
  c               2    5[COMRAM] int 
  fp              2    7[COMRAM] PTR struct _IO_FILE
		 -> sprintf@f(6), NULL(0), 
 Auto vars:     Size  Location     Type
		None
 Return value:  Size  Location     Type
                  2    5[COMRAM] int 
 Registers used:
		wreg, fsr1l, fsr1h, fsr2l, fsr2h, status,2, status,0, cstack
 Tracked objects:
		On entry : 
		On exit  : 
		Unchanged: 
 Data sizes:     COMRAM   BANK0   BANK1   BANK2   BANK3   BANK4   BANK5   BANK6   BANK7   BANK8   BANK9  BANK10  BANK11  BANK12  BANK13  BANK14  BANK15
      Params:         4       0       0       0       0       0       0       0       0       0       0       0       0       0       0       0       0
      Locals:         0       0       0       0       0       0       0       0       0       0       0       0       0       0       0       0       0
      Temps:          5       0       0       0       0       0       0       0       0       0       0       0       0       0       0       0       0
      Totals:         9       0       0       0       0       0       0       0       0       0       0       0       0       0       0       0       0
Total ram usage:        9 bytes
 Hardware stack levels used:    1
 Hardware stack levels required when called:    2
 This function calls:
		_putch
 This function is called by:
		_pad
		_vfpfcnvrt
		_fputs
 This function uses a non-reentrant model


 *************** function _putch *****************
 Defined at:
		line 1131 in file "Projekt.c"
 Parameters:    Size  Location     Type
  data            1    wreg     unsigned char 
 Auto vars:     Size  Location     Type
  data            1    4[COMRAM] unsigned char 
 Return value:  Size  Location     Type
                  1    wreg      void 
 Registers used:
		wreg
 Tracked objects:
		On entry : 
		On exit  : 
		Unchanged: 
 Data sizes:     COMRAM   BANK0   BANK1   BANK2   BANK3   BANK4   BANK5   BANK6   BANK7   BANK8   BANK9  BANK10  BANK11  BANK12  BANK13  BANK14  BANK15
      Params:         0       0       0       0       0       0       0       0       0       0       0       0       0       0       0       0       0
      Locals:         1       0       0       0       0       0       0       0       0       0       0       0       0       0       0       0       0
      Temps:          0       0       0       0       0       0       0       0       0       0       0       0       0       0       0       0       0
      Totals:         1       0       0       0       0       0       0       0       0       0       0       0       0       0       0       0       0
Total ram usage:        1 bytes
 Hardware stack levels used:    1
 Hardware stack levels required when called:    1
 This function calls:
		Nothing
 This function is called by:
		_fputc
 This function uses a non-reentrant model


 *************** function _LCD_ShowString *****************
 Defined at:
		line 59 in file "lcd.c"
 Parameters:    Size  Location     Type
  lineNum         1    wreg     unsigned char 
  textData        2    5[COMRAM] PTR unsigned char 
		 -> Pong@vitez(17), Pong@gameover(17), Pong@micek(17), Pong@zivoty(17), 
		 -> Bargraph@graph(17), Bargraph@text(17), text(17), nadpis2(17), 
		 -> nadpis1(17), main@pong(17), main@barg(17), main@pwm(17), 
		 -> main@mor(17), main@k_r(17), kr_init@mor(17), kr_init@k_r(17), 
 Auto vars:     Size  Location     Type
  lineNum         1    7[COMRAM] unsigned char 
  i               1    8[COMRAM] unsigned char 
 Return value:  Size  Location     Type
                  1    wreg      void 
 Registers used:
		wreg, fsr2l, fsr2h, status,2, status,0, cstack
 Tracked objects:
		On entry : 
		On exit  : 
		Unchanged: 
 Data sizes:     COMRAM   BANK0   BANK1   BANK2   BANK3   BANK4   BANK5   BANK6   BANK7   BANK8   BANK9  BANK10  BANK11  BANK12  BANK13  BANK14  BANK15
      Params:         2       0       0       0       0       0       0       0       0       0       0       0       0       0       0       0       0
      Locals:         2       0       0       0       0       0       0       0       0       0       0       0       0       0       0       0       0
      Temps:          0       0       0       0       0       0       0       0       0       0       0       0       0       0       0       0       0
      Totals:         4       0       0       0       0       0       0       0       0       0       0       0       0       0       0       0       0
Total ram usage:        4 bytes
 Hardware stack levels used:    1
 Hardware stack levels required when called:    2
 This function calls:
		_LCD_Send
 This function is called by:
		_kr_init
		_main
		_Morseovka
		_PWM_motor_led
		_Knight_rider_3000
		_Knight_rider_2000
		_Bargraph
		_Pong
 This function uses a non-reentrant model


 *************** function _LCD_Clear *****************
 Defined at:
		line 98 in file "lcd.c"
 Parameters:    Size  Location     Type
		None
 Auto vars:     Size  Location     Type
		None
 Return value:  Size  Location     Type
                  1    wreg      void 
 Registers used:
		wreg, cstack
 Tracked objects:
		On entry : 
		On exit  : 
		Unchanged: 
 Data sizes:     COMRAM   BANK0   BANK1   BANK2   BANK3   BANK4   BANK5   BANK6   BANK7   BANK8   BANK9  BANK10  BANK11  BANK12  BANK13  BANK14  BANK15
      Params:         0       0       0       0       0       0       0       0       0       0       0       0       0       0       0       0       0
      Locals:         0       0       0       0       0       0       0       0       0       0       0       0       0       0       0       0       0
      Temps:          0       0       0       0       0       0       0       0       0       0       0       0       0       0       0       0       0
      Totals:         0       0       0       0       0       0       0       0       0       0       0       0       0       0       0       0       0
Total ram usage:        0 bytes
 Hardware stack levels used:    1
 Hardware stack levels required when called:    2
 This function calls:
		_LCD_Send
 This function is called by:
		_main
		_Morseovka
		_PWM_motor_led
		_Knight_rider_2000
		_Bargraph
		_Pong
 This function uses a non-reentrant model


 *************** function _LCD_Send *****************
 Defined at:
		line 89 in file "lcd.c"
 Parameters:    Size  Location     Type
  data            1    wreg     unsigned char 
 Auto vars:     Size  Location     Type
  data            1    4[COMRAM] unsigned char 
 Return value:  Size  Location     Type
                  1    wreg      void 
 Registers used:
		wreg
 Tracked objects:
		On entry : 
		On exit  : 
		Unchanged: 
 Data sizes:     COMRAM   BANK0   BANK1   BANK2   BANK3   BANK4   BANK5   BANK6   BANK7   BANK8   BANK9  BANK10  BANK11  BANK12  BANK13  BANK14  BANK15
      Params:         0       0       0       0       0       0       0       0       0       0       0       0       0       0       0       0       0
      Locals:         1       0       0       0       0       0       0       0       0       0       0       0       0       0       0       0       0
      Temps:          0       0       0       0       0       0       0       0       0       0       0       0       0       0       0       0       0
      Totals:         1       0       0       0       0       0       0       0       0       0       0       0       0       0       0       0       0
Total ram usage:        1 bytes
 Hardware stack levels used:    1
 Hardware stack levels required when called:    1
 This function calls:
		Nothing
 This function is called by:
		_LCD_Init
		_LCD_ShowString
		_LCD_Clear
 This function uses a non-reentrant model


 *************** function _Bargraph_init *****************
 Defined at:
		line 177 in file "Projekt.c"
 Parameters:    Size  Location     Type
		None
 Auto vars:     Size  Location     Type
		None
 Return value:  Size  Location     Type
                  1    wreg      void 
 Registers used:
		wreg, status,2, status,0
 Tracked objects:
		On entry : 
		On exit  : 
		Unchanged: 
 Data sizes:     COMRAM   BANK0   BANK1   BANK2   BANK3   BANK4   BANK5   BANK6   BANK7   BANK8   BANK9  BANK10  BANK11  BANK12  BANK13  BANK14  BANK15
      Params:         0       0       0       0       0       0       0       0       0       0       0       0       0       0       0       0       0
      Locals:         0       0       0       0       0       0       0       0       0       0       0       0       0       0       0       0       0
      Temps:          0       0       0       0       0       0       0       0       0       0       0       0       0       0       0       0       0
      Totals:         0       0       0       0       0       0       0       0       0       0       0       0       0       0       0       0       0
Total ram usage:        0 bytes
 Hardware stack levels used:    1
 Hardware stack levels required when called:    1
 This function calls:
		Nothing
 This function is called by:
		_Bargraph
 This function uses a non-reentrant model


 *************** function _ISR *****************
 Defined at:
		line 205 in file "Projekt.c"
 Parameters:    Size  Location     Type
		None
 Auto vars:     Size  Location     Type
		None
 Return value:  Size  Location     Type
                  1    wreg      void 
 Registers used:
		wreg, fsr2l, fsr2h, status,2, status,0
 Tracked objects:
		On entry : 
		On exit  : 
		Unchanged: 
 Data sizes:     COMRAM   BANK0   BANK1   BANK2   BANK3   BANK4   BANK5   BANK6   BANK7   BANK8   BANK9  BANK10  BANK11  BANK12  BANK13  BANK14  BANK15
      Params:         0       0       0       0       0       0       0       0       0       0       0       0       0       0       0       0       0
      Locals:         0       0       0       0       0       0       0       0       0       0       0       0       0       0       0       0       0
      Temps:          4       0       0       0       0       0       0       0       0       0       0       0       0       0       0       0       0
      Totals:         4       0       0       0       0       0       0       0       0       0       0       0       0       0       0       0       0
Total ram usage:        4 bytes
 Hardware stack levels used:    1
 This function calls:
		Nothing
 This function is called by:
		Interrupt level 2
 This function uses a non-reentrant model



MODULE INFORMATION

Module		Function		Class		Link	Load	Size
T:\Programy\MPLAB\XC  Compiler\pic\sources\c99\common\doprnt.c
		_vfpfcnvrt     		CODE           	22CE	0000	551
		_pad           		CODE           	2DB8	0000	195
		_ctoa          		CODE           	2FDC	0000	91
		_dtoa          		CODE           	1D3A	0000	737
		_vfprintf      		CODE           	2F7A	0000	99

T:\Programy\MPLAB\XC  Compiler\pic\sources\c99\common\doprnt.c estimated size: 1673

T:\Programy\MPLAB\XC  Compiler\pic\sources\c99\common\aomod.c
		___aomod       		CODE           	29E2	0000	357

T:\Programy\MPLAB\XC  Compiler\pic\sources\c99\common\aomod.c estimated size: 357

Projekt.c
		_Pong_init     		CODE           	326A	0000	11
		_init          		CODE           	3256	0000	21
		_Morseovka_init		CODE           	3222	0000	31
		_PWM_motor_led 		CODE           	2C20	0000	207
		_ISR           		CODE           	0008	0000	131
		_putch         		CODE           	3240	0000	23
		_main          		CODE           	192E	0000	1037
		_PWM_init      		CODE           	2F0C	0000	111
		_kr_init       		CODE           	2872	0000	369
		_Bargraph      		CODE           	13AA	0000	1413
		_Bargraph_init 		CODE           	31A6	0000	47
		_Morseovka     		CODE           	0DDE	0000	1485
		_Knight_rider_2000		CODE           	201A	0000	693
		_Knight_rider_3000		CODE           	24F4	0000	503
		_Pong          		CODE           	008E	0000	3409

Projekt.c estimated size: 9491

T:\Programy\MPLAB\XC  Compiler\pic\sources\c99\common\nf_fputc.c
		_fputc         		CODE           	2CEE	0000	203

T:\Programy\MPLAB\XC  Compiler\pic\sources\c99\common\nf_fputc.c estimated size: 203

T:\Programy\MPLAB\XC  Compiler\pic\sources\c99\common\nf_sprintf.c
		_sprintf       		CODE           	3036	0000	83

T:\Programy\MPLAB\XC  Compiler\pic\sources\c99\common\nf_sprintf.c estimated size: 83

T:\Programy\MPLAB\XC  Compiler\pic\sources\c99\common\aodiv.c
		___aodiv       		CODE           	26EA	0000	393

T:\Programy\MPLAB\XC  Compiler\pic\sources\c99\common\aodiv.c estimated size: 393

shared
		__initialization		CODE           	3178	0000	33

shared estimated size: 33

T:\Programy\MPLAB\XC  Compiler\pic\sources\c99\common\printf.c
		_printf        		CODE           	31D4	0000	41

T:\Programy\MPLAB\XC  Compiler\pic\sources\c99\common\printf.c estimated size: 41

lcd.c
		_LCD_Init      		CODE           	2B46	0000	219
		_LCD_Send      		CODE           	31FC	0000	39
		_LCD_ShowString		CODE           	2E7A	0000	147
		_LCD_Clear     		CODE           	3142	0000	55

lcd.c estimated size: 460

T:\Programy\MPLAB\XC  Compiler\pic\sources\c99\common\nf_fputs.c
		_fputs         		CODE           	3088	0000	69

T:\Programy\MPLAB\XC  Compiler\pic\sources\c99\common\nf_fputs.c estimated size: 69

T:\Programy\MPLAB\XC  Compiler\pic\sources\c99\common\abs.c
		_abs           		CODE           	30CC	0000	65

T:\Programy\MPLAB\XC  Compiler\pic\sources\c99\common\abs.c estimated size: 65

T:\Programy\MPLAB\XC  Compiler\pic\sources\c99\common\strlen.c
		_strlen        		CODE           	310C	0000	55

T:\Programy\MPLAB\XC  Compiler\pic\sources\c99\common\strlen.c estimated size: 55

